[iqonicthemes.com/themes/markethon/intro/index.html]
[backblue.gif]
[fade.gif]
[index.html]
[iqonicthemes.com/themes/markethon/intro/images/favicon.ico]
[iqonicthemes.com/themes/markethon/intro/css/bootstrap.min.css]
[iqonicthemes.com/themes/markethon/intro/revolution/css/settings.css]
[iqonicthemes.com/themes/markethon/intro/css/typography.css]
[iqonicthemes.com/themes/markethon/intro/css/style.css]
[iqonicthemes.com/themes/markethon/intro/css/responsive.css]
[connect.facebook.net/en_US/fbevents.js]
[iqonicthemes.com/themes/markethon/intro/images/loader.gif]
[iqonicthemes.com/themes/markethon/intro/images/logo.png]
[iqonicthemes.com/themes/markethon/intro/revolution/assets/transparent.png]
[iqonicthemes.com/themes/markethon/intro/revolution/assets/shape.png]
[iqonicthemes.com/themes/markethon/intro/revolution/assets/03-4.png]
[iqonicthemes.com/themes/markethon/intro/revolution/assets/01-3.png]
[iqonicthemes.com/themes/markethon/intro/revolution/assets/04-4.png]
[iqonicthemes.com/themes/markethon/intro/revolution/assets/09-1.png]
[iqonicthemes.com/themes/markethon/intro/revolution/assets/08-2.png]
[iqonicthemes.com/themes/markethon/intro/revolution/assets/06-4.png]
[iqonicthemes.com/themes/markethon/intro/revolution/assets/07-4.png]
[iqonicthemes.com/themes/markethon/intro/revolution/assets/05-4.png]
[iqonicthemes.com/themes/markethon/intro/revolution/assets/02-5.html]
[iqonicthemes.com/themes/markethon/intro/images/clients/01.png]
[iqonicthemes.com/themes/markethon/intro/images/clients/02.png]
[iqonicthemes.com/themes/markethon/intro/images/clients/03.png]
[iqonicthemes.com/themes/markethon/intro/images/clients/04.png]
[iqonicthemes.com/themes/markethon/intro/images/clients/05.png]
[iqonicthemes.com/themes/markethon/intro/images/clients/06.png]
[iqonicthemes.com/themes/markethon/intro/images/other/9.png]
[iqonicthemes.com/themes/markethon/intro/images/home/01.jpg]
[iqonicthemes.com/themes/markethon/intro/images/home/02.jpg]
[iqonicthemes.com/themes/markethon/intro/images/home/03.jpg]
[iqonicthemes.com/themes/markethon/intro/images/home/04.jpg]
[iqonicthemes.com/themes/markethon/intro/images/other/13.png]
[iqonicthemes.com/themes/markethon/intro/images/other/01.png]
[iqonicthemes.com/themes/markethon/intro/images/home/inner-page/01.jpg]
[iqonicthemes.com/themes/markethon/intro/images/home/inner-page/02.jpg]
[iqonicthemes.com/themes/markethon/intro/images/home/inner-page/03.jpg]
[iqonicthemes.com/themes/markethon/intro/images/home/inner-page/04.jpg]
[iqonicthemes.com/themes/markethon/intro/images/home/inner-page/05.jpg]
[iqonicthemes.com/themes/markethon/intro/images/home/inner-page/06.jpg]
[iqonicthemes.com/themes/markethon/intro/images/home/inner-page/07.jpg]
[iqonicthemes.com/themes/markethon/intro/images/home/inner-page/08.jpg]
[iqonicthemes.com/themes/markethon/intro/images/home/inner-page/09.jpg]
[iqonicthemes.com/themes/markethon/intro/images/home/inner-page/10.jpg]
[iqonicthemes.com/themes/markethon/intro/images/home/inner-page/11.jpg]
[iqonicthemes.com/themes/markethon/intro/images/home/inner-page/12.jpg]
[iqonicthemes.com/themes/markethon/intro/images/home/inner-page/13.jpg]
[iqonicthemes.com/themes/markethon/intro/images/home/inner-page/14.jpg]
[iqonicthemes.com/themes/markethon/intro/images/home/inner-page/15.jpg]
[iqonicthemes.com/themes/markethon/intro/images/home/inner-page/16.jpg]
[iqonicthemes.com/themes/markethon/intro/images/home/inner-page/17.jpg]
[iqonicthemes.com/themes/markethon/intro/images/home/inner-page/18.jpg]
[iqonicthemes.com/themes/markethon/intro/images/home/inner-page/19.jpg]
[iqonicthemes.com/themes/markethon/intro/images/home/inner-page/20.jpg]
[iqonicthemes.com/themes/markethon/intro/images/home/inner-page/21.jpg]
[iqonicthemes.com/themes/markethon/intro/images/home/inner-page/22.jpg]
[iqonicthemes.com/themes/markethon/intro/images/home/inner-page/23.jpg]
[iqonicthemes.com/themes/markethon/intro/images/home/inner-page/24.jpg]
[iqonicthemes.com/themes/markethon/intro/images/home/inner-page/25.jpg]
[iqonicthemes.com/themes/markethon/intro/images/home/inner-page/26.jpg]
[iqonicthemes.com/themes/markethon/intro/images/home/inner-page/27.jpg]
[iqonicthemes.com/themes/markethon/intro/images/home/inner-page/28.jpg]
[iqonicthemes.com/themes/markethon/intro/images/home/inner-page/29.jpg]
[iqonicthemes.com/themes/markethon/intro/images/home/inner-page/30.jpg]
[iqonicthemes.com/themes/markethon/intro/images/home/inner-page/31.jpg]
[iqonicthemes.com/themes/markethon/intro/images/home/inner-page/32.jpg]
[iqonicthemes.com/themes/markethon/intro/images/home/inner-page/33.jpg]
[iqonicthemes.com/themes/markethon/intro/images/other/02.png]
[iqonicthemes.com/themes/markethon/intro/images/icon/01.png]
[iqonicthemes.com/themes/markethon/intro/images/icon/02.png]
[iqonicthemes.com/themes/markethon/intro/images/icon/03.png]
[iqonicthemes.com/themes/markethon/intro/images/icon/04.png]
[iqonicthemes.com/themes/markethon/intro/images/icon/05.png]
[iqonicthemes.com/themes/markethon/intro/images/icon/06.png]
[iqonicthemes.com/themes/markethon/intro/images/icon/07.png]
[iqonicthemes.com/themes/markethon/intro/images/icon/08.png]
[iqonicthemes.com/themes/markethon/intro/images/icon/09.png]
[iqonicthemes.com/themes/markethon/intro/images/icon/10.png]
[iqonicthemes.com/themes/markethon/intro/images/icon/11.png]
[iqonicthemes.com/themes/markethon/intro/images/icon/12.png]
[iqonicthemes.com/themes/markethon/intro/images/other/03.png]
[iqonicthemes.com/themes/markethon/intro/images/footer/03.png]
[iqonicthemes.com/themes/markethon/intro/images/other/04.png]
[iqonicthemes.com/themes/markethon/intro/images/footer/01.png]
[iqonicthemes.com/themes/markethon/intro/images/footer/02.png]
[iqonicthemes.com/themes/markethon/intro/js/jquery-min.js]
[iqonicthemes.com/themes/markethon/intro/js/popper.min.js]
[iqonicthemes.com/themes/markethon/intro/js/bootstrap.min.js]
[iqonicthemes.com/themes/markethon/intro/js/owl.carousel.min.js]
[iqonicthemes.com/themes/markethon/intro/js/retina.min.js]
[iqonicthemes.com/themes/markethon/intro/js/jquery.scrollme.min.js]
[iqonicthemes.com/themes/markethon/intro/revolution/js/jquery.themepunch.tools.min.js]
[iqonicthemes.com/themes/markethon/intro/revolution/js/jquery.themepunch.revolution.min.js]
[iqonicthemes.com/themes/markethon/intro/revolution/js/extensions/revolution.extension.actions.min.js]
[iqonicthemes.com/themes/markethon/intro/revolution/js/extensions/revolution.extension.carousel.min.js]
[iqonicthemes.com/themes/markethon/intro/revolution/js/extensions/revolution.extension.kenburn.min.js]
[iqonicthemes.com/themes/markethon/intro/revolution/js/extensions/revolution.extension.layeranimation.min.js]
[iqonicthemes.com/themes/markethon/intro/revolution/js/extensions/revolution.extension.migration.min.js]
[iqonicthemes.com/themes/markethon/intro/revolution/js/extensions/revolution.extension.navigation.min.js]
[iqonicthemes.com/themes/markethon/intro/revolution/js/extensions/revolution.extension.parallax.min.js]
[iqonicthemes.com/themes/markethon/intro/revolution/js/extensions/revolution.extension.slideanims.min.js]
[iqonicthemes.com/themes/markethon/intro/revolution/js/extensions/revolution.extension.video.min.js]
[iqonicthemes.com/themes/markethon/intro/index.html]
[iqonicthemes.com/themes/markethon/intro/css/bootstrap.min.css]
[iqonicthemes.com/themes/markethon/intro/js/custom.js]
[iqonicthemes.com/themes/markethon/intro/revolution/fonts/revicons/revicons90c6.eot]
[iqonicthemes.com/themes/markethon/intro/revolution/fonts/revicons/revicons90c6.woff]
[iqonicthemes.com/themes/markethon/intro/revolution/fonts/revicons/revicons90c6.ttf]
[iqonicthemes.com/themes/markethon/intro/revolution/fonts/revicons/revicons90c6.svg]
[iqonicthemes.com/themes/markethon/intro/revolution/css/openhand.html]
[iqonicthemes.com/themes/markethon/intro/revolution/css/closedhand.html]
[iqonicthemes.com/themes/markethon/intro/revolution/assets/gridtile.html]
[iqonicthemes.com/themes/markethon/intro/revolution/assets/gridtile_white.html]
[iqonicthemes.com/themes/markethon/intro/revolution/assets/gridtile_3x3.html]
[iqonicthemes.com/themes/markethon/intro/revolution/assets/gridtile_3x3_white.html]
[iqonicthemes.com/themes/markethon/intro/revolution/assets/coloredbg.html]
[iqonicthemes.com/themes/markethon/intro/revolution/css/settings.css]
[iqonicthemes.com/themes/markethon/intro/revolution/assets/loader.html]
[iqonicthemes.com/themes/markethon/intro/css/all.min.css]
[iqonicthemes.com/themes/markethon/intro/css/owl.carousel.min.css]
[iqonicthemes.com/themes/markethon/intro/css/ionicons.min.css]
[iqonicthemes.com/themes/markethon/intro/css/typography.css]
[iqonicthemes.com/themes/markethon/intro/css/style.css]
[iqonicthemes.com/themes/markethon/intro/css/responsive.css]
[connect.facebook.net/en_US/fbevents.js]
[iqonicthemes.com/themes/markethon/intro/revolution/assets/02-5.html]
[iqonicthemes.com/themes/markethon/intro/revolution/fonts/revicons/revicons90c6.svg]
[iqonicthemes.com/themes/markethon/intro/revolution/css/openhand.html]
[iqonicthemes.com/themes/markethon/intro/revolution/css/closedhand.html]
[iqonicthemes.com/themes/markethon/intro/revolution/assets/gridtile.html]
[iqonicthemes.com/themes/markethon/intro/revolution/assets/gridtile_white.html]
[iqonicthemes.com/themes/markethon/intro/revolution/assets/gridtile_3x3.html]
[iqonicthemes.com/themes/markethon/intro/revolution/assets/gridtile_3x3_white.html]
[iqonicthemes.com/themes/markethon/intro/revolution/assets/coloredbg.html]
[iqonicthemes.com/themes/markethon/intro/revolution/assets/loader.html]
[iqonicthemes.com/themes/markethon/intro/POST.html]
[iqonicthemes.com/themes/markethon/intro/fonts/fa-brands-400.eot]
[iqonicthemes.com/themes/markethon/intro/fonts/fa-brands-400d41d.eot]
[iqonicthemes.com/themes/markethon/intro/fonts/fa-brands-400.woff]
[iqonicthemes.com/themes/markethon/intro/fonts/fa-brands-400.ttf]
[iqonicthemes.com/themes/markethon/intro/fonts/fa-brands-400.svg]
[iqonicthemes.com/themes/markethon/intro/fonts/fa-regular-400.eot]
[iqonicthemes.com/themes/markethon/intro/fonts/fa-regular-400d41d.eot]
[iqonicthemes.com/themes/markethon/intro/fonts/fa-regular-400.woff]
[iqonicthemes.com/themes/markethon/intro/fonts/fa-regular-400.ttf]
[iqonicthemes.com/themes/markethon/intro/fonts/fa-regular-400.svg]
[iqonicthemes.com/themes/markethon/intro/fonts/fa-solid-900.eot]
[iqonicthemes.com/themes/markethon/intro/fonts/fa-solid-900d41d.eot]
[iqonicthemes.com/themes/markethon/intro/fonts/fa-solid-900.woff]
[iqonicthemes.com/themes/markethon/intro/fonts/fa-solid-900.ttf]
[iqonicthemes.com/themes/markethon/intro/css/all.min.css]
[iqonicthemes.com/themes/markethon/intro/css/owl.carousel.min.css]
[iqonicthemes.com/themes/markethon/intro/fonts/fa-solid-900.svg]
[iqonicthemes.com/themes/markethon/intro/css/owl.video.play.html]
[iqonicthemes.com/themes/markethon/intro/fonts/ionicons28b5.eot]
[iqonicthemes.com/themes/markethon/intro/fonts/ionicons28b5.ttf]
[iqonicthemes.com/themes/markethon/intro/fonts/ionicons28b5.woff]
[iqonicthemes.com/themes/markethon/intro/css/ionicons.min.css]
[iqonicthemes.com/themes/markethon/intro/POST.html]
[iqonicthemes.com/themes/markethon/intro/fonts/fa-brands-400.html]
[iqonicthemes.com/themes/markethon/intro/fonts/fa-brands-400.svg]
[iqonicthemes.com/themes/markethon/intro/fonts/fa-regular-400.html]
[iqonicthemes.com/themes/markethon/intro/fonts/fa-regular-400.svg]
[iqonicthemes.com/themes/markethon/intro/fonts/fa-solid-900.html]
[iqonicthemes.com/themes/markethon/intro/fonts/ionicons28b5.svg]
[iqonicthemes.com/themes/markethon/intro/fonts/fa-solid-900.svg]
[iqonicthemes.com/themes/markethon/intro/css/owl.video.play.html]
[iqonicthemes.com/themes/markethon/intro/fonts/ionicons28b5.svg]
