[backblue.gif]
[fade.gif]
[index.html]
[aazztech.com/demos/themes/html/tizara/dist/img/favicon.png]
[aazztech.com/demos/themes/html/tizara/dist/img/en.jpg]
[aazztech.com/demos/themes/html/tizara/dist/img/fr.jpg]
[aazztech.com/demos/themes/html/tizara/dist/img/tr.jpg]
[aazztech.com/demos/themes/html/tizara/dist/img/es.jpg]
[aazztech.com/demos/themes/html/tizara/dist/img/logo.png]
[aazztech.com/demos/themes/html/tizara/dist/img/ci1.jpg]
[aazztech.com/demos/themes/html/tizara/dist/img/ci2.jpg]
[aazztech.com/demos/themes/html/tizara/dist/img/simg-1.jpg]
[aazztech.com/demos/themes/html/tizara/dist/img/simg-2.jpg]
[aazztech.com/demos/themes/html/tizara/dist/img/tab2img2.jpg]
[aazztech.com/demos/themes/html/tizara/dist/img/tab2img3.jpg]
[aazztech.com/demos/themes/html/tizara/dist/img/map.png]
[aazztech.com/demos/themes/html/tizara/dist/img/s1.jpg]
[aazztech.com/demos/themes/html/tizara/dist/img/s2.jpg]
[aazztech.com/demos/themes/html/tizara/dist/img/s3.jpg]
[aazztech.com/demos/themes/html/tizara/dist/img/s4.jpg]
[aazztech.com/demos/themes/html/tizara/dist/img/client1.jpg]
[aazztech.com/demos/themes/html/tizara/dist/img/client2.jpg]
[aazztech.com/demos/themes/html/tizara/dist/img/client3.jpg]
[aazztech.com/demos/themes/html/tizara/dist/img/client4.jpg]
[aazztech.com/demos/themes/html/tizara/dist/img/bg1.jpg]
[aazztech.com/demos/themes/html/tizara/dist/index4.html]
[aazztech.com/demos/themes/html/tizara/dist/js/script.min.js]
[aazztech.com/demos/themes/html/tizara/dist/style.css]
[aazztech.com/demos/themes/html/tizara/dist/img/transparent.png]
[aazztech.com/demos/themes/html/tizara/dist/css/plugin.min.css]
[aazztech.com/demos/themes/html/tizara/dist/img/slider_1.png]
[aazztech.com/demos/themes/html/tizara/dist/img/cl14.png]
[aazztech.com/demos/themes/html/tizara/dist/img/cl15.png]
[aazztech.com/demos/themes/html/tizara/dist/img/cl17.png]
[aazztech.com/demos/themes/html/tizara/dist/img/cl18.png]
[aazztech.com/demos/themes/html/tizara/dist/img/service1.png]
[aazztech.com/demos/themes/html/tizara/dist/img/cta-img.png]
[aazztech.com/demos/themes/html/tizara/dist/img/blog-1.jpg]
[aazztech.com/demos/themes/html/tizara/dist/img/blog-2.jpg]
[aazztech.com/demos/themes/html/tizara/dist/img/blog-3.jpg]
[aazztech.com/demos/themes/html/tizara/dist/index.html]
[aazztech.com/demos/themes/html/tizara/dist/img/logo-white.png]
[aazztech.com/demos/themes/html/tizara/dist/img/slider_2.png]
[aazztech.com/demos/themes/html/tizara/dist/img/service7.png]
[aazztech.com/demos/themes/html/tizara/dist/img/service8.png]
[aazztech.com/demos/themes/html/tizara/dist/img/service9.png]
[aazztech.com/demos/themes/html/tizara/dist/img/about.png]
[aazztech.com/demos/themes/html/tizara/dist/img/service6.png]
[aazztech.com/demos/themes/html/tizara/dist/img/service5.png]
[aazztech.com/demos/themes/html/tizara/dist/img/service4.png]
[aazztech.com/demos/themes/html/tizara/dist/js/plugins.min.js]
[aazztech.com/demos/themes/html/tizara/dist/img/client-big.png]
[aazztech.com/demos/themes/html/tizara/dist/img/cta-img2.png]
[aazztech.com/demos/themes/html/tizara/dist/index2.html]
[aazztech.com/demos/themes/html/tizara/dist/img/slider_bg7.jpg]
[aazztech.com/demos/themes/html/tizara/dist/img/slider_bg2.jpg]
[aazztech.com/demos/themes/html/tizara/dist/img/cbg2.jpg]
[aazztech.com/demos/themes/html/tizara/dist/img/c1.jpg]
[aazztech.com/demos/themes/html/tizara/dist/img/c3.jpg]
[aazztech.com/demos/themes/html/tizara/dist/img/tabimg2.jpg]
[aazztech.com/demos/themes/html/tizara/dist/img/tabimg.jpg]
[aazztech.com/demos/themes/html/tizara/dist/img/client5.jpg]
[aazztech.com/demos/themes/html/tizara/dist/img/t12.jpg]
[aazztech.com/demos/themes/html/tizara/dist/img/t13.jpg]
[aazztech.com/demos/themes/html/tizara/dist/img/t14.jpg]
[aazztech.com/demos/themes/html/tizara/dist/img/t15.jpg]
[aazztech.com/demos/themes/html/tizara/dist/img/sbg1.jpg]
[aazztech.com/demos/themes/html/tizara/dist/index3.html]
[img.youtube.com/vi/dk9uNWPP7EA/maxresdefault.jpg]
[aazztech.com/demos/themes/html/tizara/dist/img/cb3.png]
[aazztech.com/demos/themes/html/tizara/dist/img/cb4.png]
[aazztech.com/demos/themes/html/tizara/dist/img/c12.jpg]
[aazztech.com/demos/themes/html/tizara/dist/img/t1.jpg]
[aazztech.com/demos/themes/html/tizara/dist/img/t2.jpg]
[aazztech.com/demos/themes/html/tizara/dist/img/sbg3.jpg]
[aazztech.com/demos/themes/html/tizara/dist/index5.html]
[aazztech.com/demos/themes/html/tizara/dist/img/slider_bg1.jpg]
[aazztech.com/demos/themes/html/tizara/dist/img/cta3.png]
[aazztech.com/demos/themes/html/tizara/dist/index6.html]
[aazztech.com/demos/themes/html/tizara/dist/img/slider_4.png]
[aazztech.com/demos/themes/html/tizara/dist/img/g1.jpg]
[aazztech.com/demos/themes/html/tizara/dist/img/g2.jpg]
[aazztech.com/demos/themes/html/tizara/dist/img/g3.jpg]
[aazztech.com/demos/themes/html/tizara/dist/img/c13.png]
[aazztech.com/demos/themes/html/tizara/dist/img/sb3_img.png]
[aazztech.com/demos/themes/html/tizara/dist/img/s-banner.jpg]
[aazztech.com/demos/themes/html/tizara/dist/index7.html]
[aazztech.com/demos/themes/html/tizara/dist/img/slider_bg4.jpg]
[aazztech.com/demos/themes/html/tizara/dist/img/cb5.png]
[aazztech.com/demos/themes/html/tizara/dist/img/map2.png]
[aazztech.com/demos/themes/html/tizara/dist/img/author-thumb1.png]
[aazztech.com/demos/themes/html/tizara/dist/img/author-thumb3.png]
[aazztech.com/demos/themes/html/tizara/dist/img/cta1.jpg]
[aazztech.com/demos/themes/html/tizara/dist/img/ukf.png]
[aazztech.com/demos/themes/html/tizara/dist/img/gerf.png]
[aazztech.com/demos/themes/html/tizara/dist/img/engf.png]
[aazztech.com/demos/themes/html/tizara/dist/img/usaf.png]
[aazztech.com/demos/themes/html/tizara/dist/index8.html]
[aazztech.com/demos/themes/html/tizara/dist/img/s_left.png]
[aazztech.com/demos/themes/html/tizara/dist/img/s_right.png]
[aazztech.com/demos/themes/html/tizara/dist/img/s_bottom.png]
[aazztech.com/demos/themes/html/tizara/dist/img/v2.png]
[aazztech.com/demos/themes/html/tizara/dist/img/img2.jpg]
[aazztech.com/demos/themes/html/tizara/dist/img/img2-1.jpg]
[aazztech.com/demos/themes/html/tizara/dist/img/cbg3.jpg]
[aazztech.com/demos/themes/html/tizara/dist/img/t4.jpg]
[aazztech.com/demos/themes/html/tizara/dist/img/t5.jpg]
[aazztech.com/demos/themes/html/tizara/dist/img/t6.jpg]
[aazztech.com/demos/themes/html/tizara/dist/img/t7.jpg]
[aazztech.com/demos/themes/html/tizara/dist/img/cl9.png]
[aazztech.com/demos/themes/html/tizara/dist/img/cl10.png]
[aazztech.com/demos/themes/html/tizara/dist/img/cl11.png]
[aazztech.com/demos/themes/html/tizara/dist/img/cl12.png]
[aazztech.com/demos/themes/html/tizara/dist/index9.html]
[aazztech.com/demos/themes/html/tizara/dist/index10.html]
[aazztech.com/demos/themes/html/tizara/dist/img/slider_3.png]
[aazztech.com/demos/themes/html/tizara/dist/index11.html]
[aazztech.com/demos/themes/html/tizara/dist/img/slide9_1.png]
[aazztech.com/demos/themes/html/tizara/dist/img/slide9_3.png]
[aazztech.com/demos/themes/html/tizara/dist/img/slide9_2.png]
[aazztech.com/demos/themes/html/tizara/dist/img/simg-3.jpg]
[aazztech.com/demos/themes/html/tizara/dist/img/cta2.png]
[aazztech.com/demos/themes/html/tizara/dist/img/contact-bg.png]
[aazztech.com/demos/themes/html/tizara/dist/index12.html]
[aazztech.com/demos/themes/html/tizara/dist/img/cb2.jpg]
[aazztech.com/demos/themes/html/tizara/dist/index13.html]
[aazztech.com/demos/themes/html/tizara/dist/img/logo-wrapper-bg.jpg]
[aazztech.com/demos/themes/html/tizara/dist/img/t8.jpg]
[aazztech.com/demos/themes/html/tizara/dist/img/t9.jpg]
[aazztech.com/demos/themes/html/tizara/dist/img/t10.jpg]
[aazztech.com/demos/themes/html/tizara/dist/index14.html]
[aazztech.com/demos/themes/html/tizara/dist/img/slider_bg10.jpg]
[aazztech.com/demos/themes/html/tizara/dist/img/c1bg.jpg]
[aazztech.com/demos/themes/html/tizara/dist/img/sbg2.jpg]
[aazztech.com/demos/themes/html/tizara/dist/index15.html]
[aazztech.com/demos/themes/html/tizara/dist/img/rtl1.jpg]
[aazztech.com/demos/themes/html/tizara/dist/style-rtl.css]
[aazztech.com/demos/themes/html/tizara/dist/img/rtl2.jpg]
[aazztech.com/demos/themes/html/tizara/dist/css/plugin-rtl.min.css]
[aazztech.com/demos/themes/html/tizara/dist/index-rtl.html]
[aazztech.com/demos/themes/html/tizara/dist/img/service-img.png]
[aazztech.com/demos/themes/html/tizara/dist/services-one.html]
[aazztech.com/demos/themes/html/tizara/dist/img/img1.jpg]
[aazztech.com/demos/themes/html/tizara/dist/services-two.html]
[aazztech.com/demos/themes/html/tizara/dist/img/brochure.jpg]
[aazztech.com/demos/themes/html/tizara/dist/img/service1.jpg]
[aazztech.com/demos/themes/html/tizara/dist/services-three.html]
[aazztech.com/demos/themes/html/tizara/dist/services-with-image.html]
[aazztech.com/demos/themes/html/tizara/dist/services-with-icon.html]
[aazztech.com/demos/themes/html/tizara/dist/img/c7.jpg]
[aazztech.com/demos/themes/html/tizara/dist/img/c8.jpg]
[aazztech.com/demos/themes/html/tizara/dist/img/about2.jpg]
[aazztech.com/demos/themes/html/tizara/dist/img/tab2img1.jpg]
[aazztech.com/demos/themes/html/tizara/dist/img/v3.jpg]
[aazztech.com/demos/themes/html/tizara/dist/project-grid-2-column.html]
[aazztech.com/demos/themes/html/tizara/dist/project-grid-3-column.html]
[aazztech.com/demos/themes/html/tizara/dist/project-grid-2-filter.html]
[aazztech.com/demos/themes/html/tizara/dist/project-grid-3-filter.html]
[aazztech.com/demos/themes/html/tizara/dist/img/m1.jpg]
[aazztech.com/demos/themes/html/tizara/dist/img/m7.jpg]
[aazztech.com/demos/themes/html/tizara/dist/img/image2.jpg]
[aazztech.com/demos/themes/html/tizara/dist/img/m4.jpg]
[aazztech.com/demos/themes/html/tizara/dist/img/m9.jpg]
[aazztech.com/demos/themes/html/tizara/dist/project-masonry.html]
[aazztech.com/demos/themes/html/tizara/dist/project-single1.html]
[aazztech.com/demos/themes/html/tizara/dist/project-single2.html]
[aazztech.com/demos/themes/html/tizara/dist/project-single3.html]
[aazztech.com/demos/themes/html/tizara/dist/team-grid.html]
[aazztech.com/demos/themes/html/tizara/dist/img/t16.jpg]
[aazztech.com/demos/themes/html/tizara/dist/team-list.html]
[aazztech.com/demos/themes/html/tizara/dist/img/team-single.jpg]
[aazztech.com/demos/themes/html/tizara/dist/team-single.html]
[aazztech.com/demos/themes/html/tizara/dist/img/e1.jpg]
[aazztech.com/demos/themes/html/tizara/dist/img/e2.jpg]
[aazztech.com/demos/themes/html/tizara/dist/img/e3.jpg]
[aazztech.com/demos/themes/html/tizara/dist/img/e4.jpg]
[aazztech.com/demos/themes/html/tizara/dist/img/e5.jpg]
[aazztech.com/demos/themes/html/tizara/dist/img/e6.jpg]
[aazztech.com/demos/themes/html/tizara/dist/img/e7.jpg]
[aazztech.com/demos/themes/html/tizara/dist/img/e8.jpg]
[aazztech.com/demos/themes/html/tizara/dist/img/e9.jpg]
[aazztech.com/demos/themes/html/tizara/dist/event-grid.html]
[aazztech.com/demos/themes/html/tizara/dist/event-list.html]
[aazztech.com/demos/themes/html/tizara/dist/img/event-details.jpg]
[aazztech.com/demos/themes/html/tizara/dist/img/sp1.jpg]
[aazztech.com/demos/themes/html/tizara/dist/img/sp2.jpg]
[aazztech.com/demos/themes/html/tizara/dist/event-details.html]
[aazztech.com/demos/themes/html/tizara/dist/img/404.png]
[aazztech.com/demos/themes/html/tizara/dist/404.html]
[aazztech.com/demos/themes/html/tizara/dist/faqs.html]
[aazztech.com/demos/themes/html/tizara/dist/img/image3.jpg]
[aazztech.com/demos/themes/html/tizara/dist/login.html]
[aazztech.com/demos/themes/html/tizara/dist/register.html]
[aazztech.com/demos/themes/html/tizara/dist/pricing.html]
[aazztech.com/demos/themes/html/tizara/dist/testimonial.html]
[aazztech.com/demos/themes/html/tizara/dist/working-process.html]
[aazztech.com/demos/themes/html/tizara/dist/img/breadbg2.jpg]
[aazztech.com/demos/themes/html/tizara/dist/careers.html]
[aazztech.com/demos/themes/html/tizara/dist/career-single.html]
[aazztech.com/demos/themes/html/tizara/dist/apply-form.html]
[aazztech.com/demos/themes/html/tizara/dist/coming-soon.html]
[aazztech.com/demos/themes/html/tizara/dist/alerts.html]
[aazztech.com/demos/themes/html/tizara/dist/img/image1.jpg]
[aazztech.com/demos/themes/html/tizara/dist/accordion.html]
[aazztech.com/demos/themes/html/tizara/dist/blockquotes.html]
[aazztech.com/demos/themes/html/tizara/dist/call-to-action.html]
[aazztech.com/demos/themes/html/tizara/dist/img/c10.jpg]
[aazztech.com/demos/themes/html/tizara/dist/img/c14.png]
[aazztech.com/demos/themes/html/tizara/dist/img/m3.jpg]
[aazztech.com/demos/themes/html/tizara/dist/cards.html]
[aazztech.com/demos/themes/html/tizara/dist/img/t-bg.jpg]
[aazztech.com/demos/themes/html/tizara/dist/carousels.html]
[aazztech.com/demos/themes/html/tizara/dist/img/cl13.png]
[aazztech.com/demos/themes/html/tizara/dist/clients.html]
[aazztech.com/demos/themes/html/tizara/dist/content-blocks.html]
[aazztech.com/demos/themes/html/tizara/dist/img/cbg4.jpg]
[aazztech.com/demos/themes/html/tizara/dist/img/cbg5.jpg]
[aazztech.com/demos/themes/html/tizara/dist/counter.html]
[aazztech.com/demos/themes/html/tizara/dist/dividers.html]
[aazztech.com/demos/themes/html/tizara/dist/dropdowns.html]
[aazztech.com/demos/themes/html/tizara/dist/embed-videos.html]
[aazztech.com/demos/themes/html/tizara/dist/filters.html]
[aazztech.com/demos/themes/html/tizara/dist/flip-box.html]
[aazztech.com/demos/themes/html/tizara/dist/footers.html]
[aazztech.com/demos/themes/html/tizara/dist/form-elements.html]
[aazztech.com/demos/themes/html/tizara/dist/img/g4.jpg]
[aazztech.com/demos/themes/html/tizara/dist/img/g5.jpg]
[aazztech.com/demos/themes/html/tizara/dist/img/g6.jpg]
[aazztech.com/demos/themes/html/tizara/dist/img/pthumb1.jpg]
[aazztech.com/demos/themes/html/tizara/dist/img/pthumb2.jpg]
[aazztech.com/demos/themes/html/tizara/dist/img/pthumb3.jpg]
[aazztech.com/demos/themes/html/tizara/dist/img/pthumb4.jpg]
[aazztech.com/demos/themes/html/tizara/dist/img/pthumb5.jpg]
[aazztech.com/demos/themes/html/tizara/dist/gallery.html]
[aazztech.com/demos/themes/html/tizara/dist/graphs.html]
[aazztech.com/demos/themes/html/tizara/dist/img/menubg.jpg]
[aazztech.com/demos/themes/html/tizara/dist/headers.html]
[aazztech.com/demos/themes/html/tizara/dist/icon-box.html]
[aazztech.com/demos/themes/html/tizara/dist/img/list2.jpg]
[aazztech.com/demos/themes/html/tizara/dist/lists.html]
[aazztech.com/demos/themes/html/tizara/dist/maps.html]
[aazztech.com/demos/themes/html/tizara/dist/modal.html]
[aazztech.com/demos/themes/html/tizara/dist/pagination.html]
[aazztech.com/demos/themes/html/tizara/dist/parallax.html]
[aazztech.com/demos/themes/html/tizara/dist/pricing-tables.html]
[aazztech.com/demos/themes/html/tizara/dist/processes.html]
[aazztech.com/demos/themes/html/tizara/dist/img/slider_sidekick.png]
[aazztech.com/demos/themes/html/tizara/dist/img/slider_bg8.jpg]
[aazztech.com/demos/themes/html/tizara/dist/img/slider_bg5.jpg]
[aazztech.com/demos/themes/html/tizara/dist/img/shop-product.png]
[aazztech.com/demos/themes/html/tizara/dist/img/about-hero-img.jpg]
[aazztech.com/demos/themes/html/tizara/dist/sliders.html]
[aazztech.com/demos/themes/html/tizara/dist/splitted-banners.html]
[aazztech.com/demos/themes/html/tizara/dist/subscribe.html]
[aazztech.com/demos/themes/html/tizara/dist/typography.html]
[aazztech.com/demos/themes/html/tizara/dist/tables.html]
[aazztech.com/demos/themes/html/tizara/dist/tabs.html]
[aazztech.com/demos/themes/html/tizara/dist/teams.html]
[aazztech.com/demos/themes/html/tizara/dist/testimonial-styles.html]
[aazztech.com/demos/themes/html/tizara/dist/timelines.html]
[aazztech.com/demos/themes/html/tizara/dist/twitter-feed.html]
[aazztech.com/demos/themes/html/tizara/dist/video-background.html]
[aazztech.com/demos/themes/html/tizara/dist/img/v_banner.jpg]
[aazztech.com/demos/themes/html/tizara/dist/img/video-bg.jpg]
[aazztech.com/demos/themes/html/tizara/dist/videos.html]
[aazztech.com/demos/themes/html/tizara/dist/about-one.html]
[aazztech.com/demos/themes/html/tizara/dist/about-two.html]
[aazztech.com/demos/themes/html/tizara/dist/contact-1.html]
[aazztech.com/demos/themes/html/tizara/dist/contact-2.html]
[aazztech.com/demos/themes/html/tizara/dist/contact-3.html]
[aazztech.com/demos/themes/html/tizara/dist/contact-4.html]
[aazztech.com/demos/themes/html/tizara/dist/img/b1.jpg]
[aazztech.com/demos/themes/html/tizara/dist/img/b2.jpg]
[aazztech.com/demos/themes/html/tizara/dist/img/b3.jpg]
[aazztech.com/demos/themes/html/tizara/dist/img/b4.jpg]
[aazztech.com/demos/themes/html/tizara/dist/img/bthumb1.jpg]
[aazztech.com/demos/themes/html/tizara/dist/img/bthumb2.jpg]
[aazztech.com/demos/themes/html/tizara/dist/img/bthumb3.jpg]
[aazztech.com/demos/themes/html/tizara/dist/blog-right-sidebar.html]
[aazztech.com/demos/themes/html/tizara/dist/blog-left-sidebar.html]
[aazztech.com/demos/themes/html/tizara/dist/blog-masonry1.html]
[aazztech.com/demos/themes/html/tizara/dist/img/mb1.png]
[aazztech.com/demos/themes/html/tizara/dist/img/mb2.png]
[aazztech.com/demos/themes/html/tizara/dist/img/mb3.png]
[aazztech.com/demos/themes/html/tizara/dist/img/mb4.png]
[aazztech.com/demos/themes/html/tizara/dist/img/mb5.png]
[aazztech.com/demos/themes/html/tizara/dist/img/mb6.png]
[aazztech.com/demos/themes/html/tizara/dist/blog-masonry2.html]
[aazztech.com/demos/themes/html/tizara/dist/img/auth3.png]
[aazztech.com/demos/themes/html/tizara/dist/img/auth4.png]
[aazztech.com/demos/themes/html/tizara/dist/blog-details-audio.html]
[aazztech.com/demos/themes/html/tizara/dist/blog-details-video.html]
[aazztech.com/demos/themes/html/tizara/dist/blog-details-slider.html]
[aazztech.com/demos/themes/html/tizara/dist/blog-details-link.html]
[aazztech.com/demos/themes/html/tizara/dist/blog-details-full-width.html]
[aazztech.com/demos/themes/html/tizara/dist/shop-home.html]
[aazztech.com/demos/themes/html/tizara/dist/shop-products.html]
[aazztech.com/demos/themes/html/tizara/dist/single-product.html]
[aazztech.com/demos/themes/html/tizara/dist/img/thumb1.jpg]
[aazztech.com/demos/themes/html/tizara/dist/shopping-cart.html]
[aazztech.com/demos/themes/html/tizara/dist/img/cards.png]
[aazztech.com/demos/themes/html/tizara/dist/img/paypal.png]
[aazztech.com/demos/themes/html/tizara/dist/checkout.html]
[aazztech.com/demos/themes/html/tizara/dist/checkout-confirm.html]
[aazztech.com/demos/themes/html/tizara/dist/img/svg/play-btn.svg]
[aazztech.com/demos/themes/html/tizara/dist/img/c4.jpg]
[aazztech.com/demos/themes/html/tizara/dist/img/c6.jpg]
[aazztech.com/demos/themes/html/tizara/dist/img/c5.jpg]
[aazztech.com/demos/themes/html/tizara/dist/fonts/fa-brands-400.woff]
[aazztech.com/demos/themes/html/tizara/dist/fonts/fa-brands-400.ttf]
[aazztech.com/demos/themes/html/tizara/dist/fonts/fa-brands-400.eot]
[aazztech.com/demos/themes/html/tizara/dist/fonts/fa-brands-400d41d.eot]
[aazztech.com/demos/themes/html/tizara/dist/fonts/fa-regular-400.eot]
[aazztech.com/demos/themes/html/tizara/dist/fonts/fa-regular-400.woff]
[aazztech.com/demos/themes/html/tizara/dist/fonts/fa-regular-400.ttf]
[aazztech.com/demos/themes/html/tizara/dist/fonts/fa-regular-400d41d.eot]
[aazztech.com/demos/themes/html/tizara/dist/fonts/fa-solid-900.woff]
[aazztech.com/demos/themes/html/tizara/dist/fonts/fa-solid-900.ttf]
[aazztech.com/demos/themes/html/tizara/dist/fonts/fa-solid-900.eot]
[aazztech.com/demos/themes/html/tizara/dist/fonts/fa-solid-900d41d.eot]
[aazztech.com/demos/themes/html/tizara/dist/fonts/line-awesomeeb4f.woff]
[aazztech.com/demos/themes/html/tizara/dist/fonts/line-awesomeeb4f.ttf]
[aazztech.com/demos/themes/html/tizara/dist/fonts/line-awesomeeb4f.eot]
[aazztech.com/demos/themes/html/tizara/dist/fonts/line-awesome0176.eot]
[aazztech.com/demos/themes/html/tizara/dist/css/plugin.min.css]
[aazztech.com/demos/themes/html/tizara/dist/img/list-bg.jpg]
[aazztech.com/demos/themes/html/tizara/dist/img/shape-wave3.png]
[aazztech.com/demos/themes/html/tizara/dist/img/shape-wave.png]
[aazztech.com/demos/themes/html/tizara/dist/img/map-bg.png]
[aazztech.com/demos/themes/html/tizara/dist/img/arrow-up.png]
[aazztech.com/demos/themes/html/tizara/dist/img/arrow-down.png]
[aazztech.com/demos/themes/html/tizara/dist/img/intro-bg.png]
[aazztech.com/demos/themes/html/tizara/dist/img/shape2.png]
[aazztech.com/demos/themes/html/tizara/dist/img/img_shape1.png]
[aazztech.com/demos/themes/html/tizara/dist/img/img_shape2.png]
[aazztech.com/demos/themes/html/tizara/dist/img/img_shape3.png]
[aazztech.com/demos/themes/html/tizara/dist/img/shape-wave2.png]
[aazztech.com/demos/themes/html/tizara/dist/style.css]
[aazztech.com/demos/themes/html/tizara/dist/img/service2.png]
[aazztech.com/demos/themes/html/tizara/dist/img/service3.png]
[aazztech.com/demos/themes/html/tizara/dist/img/client6.jpg]
[aazztech.com/demos/themes/html/tizara/dist/img/c2.jpg]
[aazztech.com/demos/themes/html/tizara/dist/img/svg/checked.svg]
[aazztech.com/demos/themes/html/tizara/dist/img/map2.png]
[aazztech.com/demos/themes/html/tizara/dist/img/t3.jpg]
[aazztech.com/demos/themes/html/tizara/dist/img/svg/businessman.svg]
[aazztech.com/demos/themes/html/tizara/dist/img/svg/analysis.svg]
[aazztech.com/demos/themes/html/tizara/dist/img/svg/crowdfunding.svg]
[aazztech.com/demos/themes/html/tizara/dist/img/svg/cash.svg]
[aazztech.com/demos/themes/html/tizara/dist/img/svg/statistics.svg]
[aazztech.com/demos/themes/html/tizara/dist/img/svg/business-and-finance.svg]
[aazztech.com/demos/themes/html/tizara/dist/img/author-thumb2.png]
[aazztech.com/demos/themes/html/tizara/dist/img/cb1.jpg]
[aazztech.com/demos/themes/html/tizara/dist/css/plugin-rtl.min.css]
[aazztech.com/demos/themes/html/tizara/dist/img/cb6.jpg]
[aazztech.com/demos/themes/html/tizara/dist/style-rtl.css]
[aazztech.com/demos/themes/html/tizara/dist/img/svg/service-hero.svg]
[aazztech.com/demos/themes/html/tizara/dist/img/breadbg.jpg]
[aazztech.com/demos/themes/html/tizara/dist/img/v2.jpg]
[aazztech.com/demos/themes/html/tizara/dist/project-grid-1-column.html]
[aazztech.com/demos/themes/html/tizara/dist/img/m5.jpg]
[aazztech.com/demos/themes/html/tizara/dist/img/m6.jpg]
[aazztech.com/demos/themes/html/tizara/dist/img/m2.jpg]
[aazztech.com/demos/themes/html/tizara/dist/img/v1.jpg]
[aazztech.com/demos/themes/html/tizara/dist/box-shadow.html]
[aazztech.com/demos/themes/html/tizara/dist/breadcrumb.html]
[aazztech.com/demos/themes/html/tizara/dist/buttons.html]
[aazztech.com/demos/themes/html/tizara/dist/colors.html]
[aazztech.com/demos/themes/html/tizara/dist/contact-blocks.html]
[aazztech.com/demos/themes/html/tizara/dist/img/c9.jpg]
[aazztech.com/demos/themes/html/tizara/dist/img/c11.jpg]
[aazztech.com/demos/themes/html/tizara/dist/img/contact-bg2.png]
[aazztech.com/demos/themes/html/tizara/dist/contact-forms.html]
[aazztech.com/demos/themes/html/tizara/dist/img/cbg4.jpg]
[aazztech.com/demos/themes/html/tizara/dist/img/p1.jpg]
[aazztech.com/demos/themes/html/tizara/dist/img/svg/check-circle.svg]
[aazztech.com/demos/themes/html/tizara/dist/progress-bar.html]
[aazztech.com/demos/themes/html/tizara/dist/range-slider.html]
[aazztech.com/demos/themes/html/tizara/dist/ratings.html]
[aazztech.com/demos/themes/html/tizara/dist/assets/transparent.html]
[aazztech.com/demos/themes/html/tizara/dist/img/svg/about-shape.svg]
[aazztech.com/demos/themes/html/tizara/dist/history.html]
[aazztech.com/demos/themes/html/tizara/dist/our-values.html]
[aazztech.com/demos/themes/html/tizara/dist/business-conduct.html]
[aazztech.com/demos/themes/html/tizara/dist/our-clients.html]
[aazztech.com/demos/themes/html/tizara/dist/img/list1.jpg]
[aazztech.com/demos/themes/html/tizara/dist/img/ls1.jpg]
[aazztech.com/demos/themes/html/tizara/dist/our-locations.html]
[aazztech.com/demos/themes/html/tizara/dist/success-story.html]
[aazztech.com/demos/themes/html/tizara/dist/blog-grid.html]
[aazztech.com/demos/themes/html/tizara/dist/blog-full-width.html]
[aazztech.com/demos/themes/html/tizara/dist/blog-details-gallery.html]
[aazztech.com/demos/themes/html/tizara/dist/fonts/fa-brands-400.html]
[aazztech.com/demos/themes/html/tizara/dist/img/auth2.png]
[aazztech.com/demos/themes/html/tizara/dist/fonts/fa-brands-400.svg]
[aazztech.com/demos/themes/html/tizara/dist/fonts/fa-regular-400.html]
[aazztech.com/demos/themes/html/tizara/dist/fonts/fa-regular-400.svg]
[aazztech.com/demos/themes/html/tizara/dist/fonts/fa-solid-900.html]
[aazztech.com/demos/themes/html/tizara/dist/fonts/fa-solid-900.svg]
[aazztech.com/demos/themes/html/tizara/dist/fonts/fontelloc5e6.html]
[aazztech.com/demos/themes/html/tizara/dist/fonts/fontelloc5e6-2.html]
[aazztech.com/demos/themes/html/tizara/dist/fonts/fontelloc5e6-3.html]
[aazztech.com/demos/themes/html/tizara/dist/fonts/fontelloc5e6-4.html]
[aazztech.com/demos/themes/html/tizara/dist/fonts/fontelloc5e6-5.html]
[aazztech.com/demos/themes/html/tizara/dist/css/font/ytp-regular.html]
[aazztech.com/demos/themes/html/tizara/dist/fonts/line-awesomeeb4f.html]
[aazztech.com/demos/themes/html/tizara/dist/fonts/Linearicons-Free54e9.html]
[aazztech.com/demos/themes/html/tizara/dist/fonts/Linearicons-Freed41d.html]
[aazztech.com/demos/themes/html/tizara/dist/fonts/Linearicons-Free54e9-2.html]
[aazztech.com/demos/themes/html/tizara/dist/fonts/Linearicons-Free54e9-3.html]
[aazztech.com/demos/themes/html/tizara/dist/fonts/Linearicons-Free54e9-4.html]
[aazztech.com/demos/themes/html/tizara/dist/fonts/Linearicons-Free54e9-5.html]
[aazztech.com/demos/themes/html/tizara/dist/css/owl.video.play.html]
[aazztech.com/demos/themes/html/tizara/dist/fonts/revicons/revicons90c6.html]
[aazztech.com/demos/themes/html/tizara/dist/fonts/revicons/revicons90c6-2.html]
[aazztech.com/demos/themes/html/tizara/dist/fonts/revicons/revicons90c6-3.html]
[aazztech.com/demos/themes/html/tizara/dist/fonts/revicons/revicons90c6-4.html]
[aazztech.com/demos/themes/html/tizara/dist/css/openhand.html]
[aazztech.com/demos/themes/html/tizara/dist/css/closedhand.html]
[aazztech.com/demos/themes/html/tizara/dist/assets/gridtile.html]
[aazztech.com/demos/themes/html/tizara/dist/assets/gridtile_white.html]
[aazztech.com/demos/themes/html/tizara/dist/assets/gridtile_3x3.html]
[aazztech.com/demos/themes/html/tizara/dist/assets/gridtile_3x3_white.html]
[aazztech.com/demos/themes/html/tizara/dist/assets/coloredbg.html]
[aazztech.com/demos/themes/html/tizara/img/loader.html]
[aazztech.com/demos/themes/html/tizara/dist/img/sb2.html]
[aazztech.com/demos/themes/html/tizara/dist/img/svg/shape2.svg]
[aazztech.com/demos/themes/html/tizara/dist/img/svg/sb2.svg]
[aazztech.com/demos/themes/html/tizara/dist/blog-details-standard.html]
[aazztech.com/demos/themes/html/tizara/dist/img/arrow-up-sm.png]
[aazztech.com/demos/themes/html/tizara/dist/img/arrow-down-sm.png]
[aazztech.com/demos/themes/html/tizara/dist/img/cl16.png]
[aazztech.com/demos/themes/html/tizara/dist/img/auth1.png]
[aazztech.com/demos/themes/html/tizara/dist/img/thumb2.jpg]
[aazztech.com/demos/themes/html/tizara/dist/img/shape1.png]
[aazztech.com/demos/themes/html/tizara/dist/fonts/line-awesomeeb4f.svg]
