[irtech.biz/TF/prolandix/brolandix/index.html]
[backblue.gif]
[fade.gif]
[index.html]
[irtech.biz/TF/prolandix/brolandix/favicon.ico]
[irtech.biz/TF/prolandix/brolandix/assets/img/logo.png]
[irtech.biz/TF/prolandix/brolandix/index-2.html]
[irtech.biz/TF/prolandix/brolandix/index-3.html]
[irtech.biz/TF/prolandix/brolandix/index-4.html]
[irtech.biz/TF/prolandix/brolandix/blog.html]
[irtech.biz/TF/prolandix/brolandix/blog-details.html]
[irtech.biz/TF/prolandix/brolandix/assets/img/trinagle.png]
[irtech.biz/TF/prolandix/brolandix/assets/img/circle-shape.png]
[irtech.biz/TF/prolandix/brolandix/assets/img/square-shape.png]
[irtech.biz/TF/prolandix/brolandix/assets/img/ball.png]
[irtech.biz/TF/prolandix/brolandix/assets/img/header-right.png]
[irtech.biz/TF/prolandix/brolandix/assets/img/list-feature-image.png]
[irtech.biz/TF/prolandix/brolandix/assets/img/list-feature-image-2.png]
[irtech.biz/TF/prolandix/brolandix/assets/img/feature-blcok-img.png]
[irtech.biz/TF/prolandix/brolandix/assets/img/product/01.jpg]
[irtech.biz/TF/prolandix/brolandix/assets/img/product/02.jpg]
[irtech.biz/TF/prolandix/brolandix/assets/img/product/03.jpg]
[irtech.biz/TF/prolandix/brolandix/assets/img/product/04.jpg]
[irtech.biz/TF/prolandix/brolandix/assets/img/product/05.jpg]
[irtech.biz/TF/prolandix/brolandix/assets/img/testimonial/01.png]
[irtech.biz/TF/prolandix/brolandix/assets/img/testimonial/02.png]
[irtech.biz/TF/prolandix/brolandix/assets/img/testimonial/03.png]
[irtech.biz/TF/prolandix/brolandix/assets/img/testimonial/04.png]
[irtech.biz/TF/prolandix/brolandix/assets/img/faq-image.png]
[irtech.biz/TF/prolandix/brolandix/assets/js/jquery.js]
[irtech.biz/TF/prolandix/brolandix/assets/js/popper.min.js]
[irtech.biz/TF/prolandix/brolandix/assets/js/bootstrap.min.js]
[irtech.biz/TF/prolandix/brolandix/assets/js/owl.carousel.min.js]
[irtech.biz/TF/prolandix/brolandix/assets/js/jquery.magnific-popup.js]
[irtech.biz/TF/prolandix/brolandix/assets/js/wow.min.js]
[irtech.biz/TF/prolandix/brolandix/assets/js/TweenMax.js]
[irtech.biz/TF/prolandix/brolandix/assets/js/mousemoveparallax.js]
[irtech.biz/TF/prolandix/brolandix/assets/js/contact.js]
[irtech.biz/TF/prolandix/brolandix/assets/js/main.js]
[irtech.biz/TF/prolandix/brolandix/index.html]
[irtech.biz/TF/prolandix/brolandix/assets/css/bootstrap.min.css]
[irtech.biz/TF/prolandix/brolandix/assets/fonts/fa-brands-400.eot]
[irtech.biz/TF/prolandix/brolandix/assets/fonts/fa-brands-400d41d.eot]
[irtech.biz/TF/prolandix/brolandix/assets/fonts/fa-brands-400.woff2]
[irtech.biz/TF/prolandix/brolandix/assets/fonts/fa-brands-400.woff]
[irtech.biz/TF/prolandix/brolandix/assets/fonts/fa-brands-400.ttf]
[irtech.biz/TF/prolandix/brolandix/assets/fonts/fa-regular-400.eot]
[irtech.biz/TF/prolandix/brolandix/assets/fonts/fa-regular-400d41d.eot]
[irtech.biz/TF/prolandix/brolandix/assets/fonts/fa-regular-400.woff2]
[irtech.biz/TF/prolandix/brolandix/assets/fonts/fa-regular-400.woff]
[irtech.biz/TF/prolandix/brolandix/assets/fonts/fa-regular-400.ttf]
[irtech.biz/TF/prolandix/brolandix/assets/fonts/fa-solid-900.eot]
[irtech.biz/TF/prolandix/brolandix/assets/fonts/fa-solid-900d41d.eot]
[irtech.biz/TF/prolandix/brolandix/assets/fonts/fa-solid-900.woff2]
[irtech.biz/TF/prolandix/brolandix/assets/fonts/fa-solid-900.woff]
[irtech.biz/TF/prolandix/brolandix/assets/fonts/fa-solid-900.ttf]
[irtech.biz/TF/prolandix/brolandix/assets/css/fontawesome.min.css]
[irtech.biz/TF/prolandix/brolandix/assets/fonts/Flaticon.eot]
[irtech.biz/TF/prolandix/brolandix/assets/fonts/Flaticond41d.eot]
[irtech.biz/TF/prolandix/brolandix/assets/fonts/Flaticon.woff2]
[irtech.biz/TF/prolandix/brolandix/assets/fonts/Flaticon.woff]
[irtech.biz/TF/prolandix/brolandix/assets/fonts/Flaticon.ttf]
[irtech.biz/TF/prolandix/brolandix/assets/css/flaticon.css]
[irtech.biz/TF/prolandix/brolandix/assets/css/animate.css]
[irtech.biz/TF/prolandix/brolandix/assets/css/owl.carousel.min.css]
[irtech.biz/TF/prolandix/brolandix/assets/css/magnific-popup.css]
[irtech.biz/TF/prolandix/brolandix/assets/img/bg/breacrumb-bg.jpg]
[irtech.biz/TF/prolandix/brolandix/assets/img/icon-bg.png]
[irtech.biz/TF/prolandix/brolandix/assets/img/bg/list-feature-bg-2.png]
[irtech.biz/TF/prolandix/brolandix/assets/img/bg/intro-bg.jpg]
[irtech.biz/TF/prolandix/brolandix/assets/img/bg/testimonial-bg.png]
[irtech.biz/TF/prolandix/brolandix/assets/img/bg/contact.jpg]
[irtech.biz/TF/prolandix/brolandix/assets/img/bg/amazing-bg-2.png]
[irtech.biz/TF/prolandix/brolandix/assets/css/style.css]
[irtech.biz/TF/prolandix/brolandix/assets/css/responsive.css]
[irtech.biz/TF/prolandix/brolandix/assets/img/header-shape.png]
[irtech.biz/TF/prolandix/brolandix/assets/img/header-clock.png]
[irtech.biz/TF/prolandix/brolandix/assets/img/feature-shape.png]
[irtech.biz/TF/prolandix/brolandix/index-2.html]
[irtech.biz/TF/prolandix/brolandix/assets/img/bg/header-right-wtch.jpg]
[irtech.biz/TF/prolandix/brolandix/assets/img/bg/header-leftwtch.jpg]
[irtech.biz/TF/prolandix/brolandix/index-3.html]
[irtech.biz/TF/prolandix/brolandix/assets/img/header-watch.png]
[irtech.biz/TF/prolandix/brolandix/index-4.html]
[irtech.biz/TF/prolandix/brolandix/assets/img/blog/01.jpg]
[irtech.biz/TF/prolandix/brolandix/assets/img/blog/02.jpg]
[irtech.biz/TF/prolandix/brolandix/assets/img/blog/03.jpg]
[irtech.biz/TF/prolandix/brolandix/assets/img/blog/04.jpg]
[irtech.biz/TF/prolandix/brolandix/assets/img/blog/05.jpg]
[irtech.biz/TF/prolandix/brolandix/assets/img/blog/06.jpg]
[irtech.biz/TF/prolandix/brolandix/assets/img/popular-post/01.jpg]
[irtech.biz/TF/prolandix/brolandix/assets/img/popular-post/02.jpg]
[irtech.biz/TF/prolandix/brolandix/assets/img/popular-post/03.jpg]
[irtech.biz/TF/prolandix/brolandix/blog.html]
[irtech.biz/TF/prolandix/brolandix/assets/img/blog/blog-details.jpg]
[irtech.biz/TF/prolandix/brolandix/assets/img/comments/01.jpg]
[irtech.biz/TF/prolandix/brolandix/assets/img/comments/02.jpg]
[irtech.biz/TF/prolandix/brolandix/blog-details.html]
[irtech.biz/TF/prolandix/brolandix/assets/fonts/fa-brands-400.svg]
[irtech.biz/TF/prolandix/brolandix/assets/fonts/fa-regular-400.svg]
[irtech.biz/TF/prolandix/brolandix/assets/fonts/fa-solid-900.svg]
[irtech.biz/TF/prolandix/brolandix/assets/fonts/Flaticon.svg]
[irtech.biz/TF/prolandix/brolandix/assets/css/owl.video.play.html]
