[themazine.com/html/kabbo/index.html]
[themazine.com/html/kabbo/images/favicon.png]
[backblue.gif]
[fade.gif]
[index.html]
[themazine.com/html/kabbo/images/logo.png]
[themazine.com/html/kabbo/index-2.html]
[themazine.com/html/kabbo/about.html]
[themazine.com/html/kabbo/portfolio.html]
[themazine.com/html/kabbo/portfolio-2.html]
[themazine.com/html/kabbo/portfolio-3.html]
[themazine.com/html/kabbo/portfolio-4.html]
[themazine.com/html/kabbo/portfolio-5.html]
[themazine.com/html/kabbo/portfolio-single.html]
[themazine.com/html/kabbo/portfolio-single-2.html]
[themazine.com/html/kabbo/services.html]
[themazine.com/html/kabbo/services-single.html]
[themazine.com/html/kabbo/pricing.html]
[themazine.com/html/kabbo/shop.html]
[themazine.com/html/kabbo/shop-single.html]
[themazine.com/html/kabbo/coming-soon.html]
[themazine.com/html/kabbo/blog.html]
[themazine.com/html/kabbo/blog-single.html]
[themazine.com/html/kabbo/contact.html]
[themazine.com/html/kabbo/images/bannar-shap-1.png]
[themazine.com/html/kabbo/images/bannar-shap-2.png]
[themazine.com/html/kabbo/images/bannar-img.png]
[themazine.com/html/kabbo/images/bannar-video-bg.png]
[themazine.com/html/kabbo/images/about-agency.png]
[themazine.com/html/kabbo/images/testimonial-1.jpg]
[themazine.com/html/kabbo/images/testimonial-3.jpg]
[themazine.com/html/kabbo/images/testimonial-4.jpg]
[themazine.com/html/kabbo/images/testimonial-5.jpg]
[themazine.com/html/kabbo/images/testimonial-2.jpg]
[themazine.com/html/kabbo/images/tree.png]
[themazine.com/html/kabbo/images/protfoilo/portfolio-1.jpg]
[themazine.com/html/kabbo/images/protfoilo/portfolio-2.jpg]
[themazine.com/html/kabbo/images/protfoilo/portfolio-3.jpg]
[themazine.com/html/kabbo/images/protfoilo/portfolio-4.jpg]
[themazine.com/html/kabbo/images/protfoilo/portfolio-5.jpg]
[themazine.com/html/kabbo/images/protfoilo/portfolio-6.jpg]
[themazine.com/html/kabbo/images/blog/blog-post-1.jpg]
[themazine.com/html/kabbo/images/blog/blog-post-2.jpg]
[themazine.com/html/kabbo/images/blog/blog-post-3.jpg]
[themazine.com/html/kabbo/images/footer-shap.png]
[themazine.com/html/kabbo/js/jquery-3.3.1.min.js]
[themazine.com/html/kabbo/js/popper.min.js]
[themazine.com/html/kabbo/js/bootstrap.min.js]
[themazine.com/html/kabbo/vendors/animate-css/wow.min.js]
[themazine.com/html/kabbo/vendors/parallaxmouse/parallax.min.js]
[themazine.com/html/kabbo/vendors/counterup/jquery.waypoints.min.js]
[themazine.com/html/kabbo/vendors/counterup/jquery.counterup.min.js]
[themazine.com/html/kabbo/vendors/parallaxmouse/jquery.jqlouds.min.js]
[themazine.com/html/kabbo/vendors/magnify-popup/jquery.magnific-popup.min.js]
[themazine.com/html/kabbo/vendors/isotope/imagesloaded.pkgd.min.js]
[themazine.com/html/kabbo/vendors/isotope/isotope.pkgd.min.js]
[themazine.com/html/kabbo/vendors/bootstrap-selector/jquery.nice-select.min.js]
[themazine.com/html/kabbo/js/theme.js]
[themazine.com/html/kabbo/index.html]
[use.fontawesome.com/releases/v5.5.0/css/all.css]
[themazine.com/html/kabbo/images/preloader.png]
[themazine.com/html/kabbo/images/menu-shap.png]
[themazine.com/html/kabbo/images/bannar-shap-3.png]
[themazine.com/html/kabbo/images/coundown-bg.png]
[themazine.com/html/kabbo/images/fantasy-bg.png]
[themazine.com/html/kabbo/images/fantasy-1.png]
[themazine.com/html/kabbo/images/fantasy-2.png]
[themazine.com/html/kabbo/images/fantasy-3.png]
[themazine.com/html/kabbo/images/fantasy-4.png]
[themazine.com/html/kabbo/images/fantasy-5.png]
[themazine.com/html/kabbo/images/fantasy-6.png]
[themazine.com/html/kabbo/images/countrap-bg-1.png]
[themazine.com/html/kabbo/images/countrap-bg-2.png]
[themazine.com/html/kabbo/images/protfoilo/protfolio-bg.png]
[themazine.com/html/kabbo/images/nav-shap.png]
[themazine.com/html/kabbo/images/fantasy-big-4.png]
[themazine.com/html/kabbo/images/contact-bg-3.png]
[themazine.com/html/kabbo/images/contact-bg-4.png]
[themazine.com/html/kabbo/images/shop-bg.png]
[themazine.com/html/kabbo/images/contact-bg-1.jpg]
[themazine.com/html/kabbo/images/contact-bg-2.jpg]
[themazine.com/html/kabbo/images/footer-bg.png]
[themazine.com/html/kabbo/images/footer-border.png]
[themazine.com/html/kabbo/css/style.css]
[themazine.com/html/kabbo/images/bannar-img-2.png]
[themazine.com/html/kabbo/images/about-agency-2.png]
[themazine.com/html/kabbo/images/team-1.png]
[themazine.com/html/kabbo/images/team-2.png]
[themazine.com/html/kabbo/images/team-3.png]
[themazine.com/html/kabbo/images/team-4.png]
[themazine.com/html/kabbo/index-2.html]
[themazine.com/html/kabbo/images/pages-banner-1.png]
[themazine.com/html/kabbo/images/p-banner-shap.png]
[themazine.com/html/kabbo/images/work-1.jpg]
[themazine.com/html/kabbo/images/work-2.jpg]
[themazine.com/html/kabbo/about.html]
[themazine.com/html/kabbo/images/pages-banner-3.png]
[themazine.com/html/kabbo/images/protfoilo/portfolio-grid-1.jpg]
[themazine.com/html/kabbo/images/protfoilo/portfolio-grid-2.jpg]
[themazine.com/html/kabbo/images/protfoilo/portfolio-grid-3.jpg]
[themazine.com/html/kabbo/images/protfoilo/portfolio-grid-4.jpg]
[themazine.com/html/kabbo/images/protfoilo/portfolio-grid-5.jpg]
[themazine.com/html/kabbo/images/protfoilo/portfolio-grid-6.jpg]
[themazine.com/html/kabbo/portfolio.html]
[themazine.com/html/kabbo/images/protfoilo/portfolio-grid-7.jpg]
[themazine.com/html/kabbo/images/protfoilo/portfolio-grid-8.jpg]
[themazine.com/html/kabbo/images/protfoilo/portfolio-grid-9.jpg]
[themazine.com/html/kabbo/portfolio-2.html]
[themazine.com/html/kabbo/images/protfoilo/masonari-1.jpg]
[themazine.com/html/kabbo/images/protfoilo/masonari-2.jpg]
[themazine.com/html/kabbo/images/protfoilo/masonari-3.jpg]
[themazine.com/html/kabbo/images/protfoilo/masonari-4.jpg]
[themazine.com/html/kabbo/images/protfoilo/masonari-5.jpg]
[themazine.com/html/kabbo/images/protfoilo/masonari-6.jpg]
[themazine.com/html/kabbo/images/protfoilo/masonari-7.jpg]
[themazine.com/html/kabbo/images/protfoilo/masonari-8.jpg]
[themazine.com/html/kabbo/images/protfoilo/masonari-9.jpg]
[themazine.com/html/kabbo/images/protfoilo/masonari-10.jpg]
[themazine.com/html/kabbo/images/protfoilo/masonari-11.jpg]
[themazine.com/html/kabbo/images/protfoilo/masonari-12.jpg]
[themazine.com/html/kabbo/portfolio-3.html]
[themazine.com/html/kabbo/images/protfoilo/col-three-1.jpg]
[themazine.com/html/kabbo/images/protfoilo/col-three-2.jpg]
[themazine.com/html/kabbo/images/protfoilo/col-three-3.jpg]
[themazine.com/html/kabbo/images/protfoilo/col-three-4.jpg]
[themazine.com/html/kabbo/images/protfoilo/col-three-5.jpg]
[themazine.com/html/kabbo/images/protfoilo/col-three-6.jpg]
[themazine.com/html/kabbo/images/protfoilo/col-three-7.jpg]
[themazine.com/html/kabbo/images/protfoilo/col-three-8.jpg]
[themazine.com/html/kabbo/images/protfoilo/col-three-9.jpg]
[themazine.com/html/kabbo/portfolio-4.html]
[themazine.com/html/kabbo/images/protfoilo/col-four-1.jpg]
[themazine.com/html/kabbo/images/protfoilo/col-four-2.jpg]
[themazine.com/html/kabbo/images/protfoilo/col-four-3.jpg]
[themazine.com/html/kabbo/images/protfoilo/col-four-4.jpg]
[themazine.com/html/kabbo/images/protfoilo/col-four-5.jpg]
[themazine.com/html/kabbo/images/protfoilo/col-four-6.jpg]
[themazine.com/html/kabbo/images/protfoilo/col-four-7.jpg]
[themazine.com/html/kabbo/images/protfoilo/col-four-8.jpg]
[themazine.com/html/kabbo/images/protfoilo/col-four-9.jpg]
[themazine.com/html/kabbo/images/protfoilo/col-four-10.jpg]
[themazine.com/html/kabbo/images/protfoilo/col-four-11.jpg]
[themazine.com/html/kabbo/images/protfoilo/col-four-12.jpg]
[themazine.com/html/kabbo/portfolio-5.html]
[themazine.com/html/kabbo/images/protfoilo/portfolio-single-1.jpg]
[themazine.com/html/kabbo/images/protfoilo/portfolio-single-2.jpg]
[themazine.com/html/kabbo/images/protfoilo/portfolio-single-3.jpg]
[themazine.com/html/kabbo/portfolio-single.html]
[themazine.com/html/kabbo/images/protfoilo/portfolio-v2-single-1.jpg]
[themazine.com/html/kabbo/images/protfoilo/portfolio-v2-single-2.jpg]
[themazine.com/html/kabbo/images/protfoilo/portfolio-v2-single-3.jpg]
[themazine.com/html/kabbo/images/protfoilo/portfolio-v2-single-4.jpg]
[themazine.com/html/kabbo/images/protfoilo/portfolio-v2-single-5.jpg]
[themazine.com/html/kabbo/portfolio-single-2.html]
[themazine.com/html/kabbo/services.html]
[themazine.com/html/kabbo/images/services-single-1.jpg]
[themazine.com/html/kabbo/images/services-single-2.jpg]
[themazine.com/html/kabbo/services-single.html]
[themazine.com/html/kabbo/pricing.html]
[themazine.com/html/kabbo/images/shop-slider.png]
[themazine.com/html/kabbo/images/shop-1.jpg]
[themazine.com/html/kabbo/images/shop-2.jpg]
[themazine.com/html/kabbo/images/shop-3.jpg]
[themazine.com/html/kabbo/images/shop-4.jpg]
[themazine.com/html/kabbo/images/shop-5.jpg]
[themazine.com/html/kabbo/images/shop-6.jpg]
[themazine.com/html/kabbo/images/shop-s-1.jpg]
[themazine.com/html/kabbo/images/shop-s-2.jpg]
[themazine.com/html/kabbo/images/shop-s-3.jpg]
[themazine.com/html/kabbo/vendors/jquery-ui/jquery-ui.min.js]
[themazine.com/html/kabbo/shop.html]
[themazine.com/html/kabbo/images/shop-single.jpg]
[themazine.com/html/kabbo/images/shop-thumb-1.jpg]
[themazine.com/html/kabbo/images/shop-thumb-2.jpg]
[themazine.com/html/kabbo/images/shop-thumb-3.jpg]
[themazine.com/html/kabbo/shop-single.html]
[themazine.com/html/kabbo/images/pages-banner-5.png]
[themazine.com/html/kabbo/vendors/countdown/dscountdown.min.js]
[themazine.com/html/kabbo/coming-soon.html]
[themazine.com/html/kabbo/images/pages-banner-4.png]
[themazine.com/html/kabbo/images/blog/blog-list-1.png]
[themazine.com/html/kabbo/images/blog/blog-list-2.png]
[themazine.com/html/kabbo/images/blog/blog-list-3.png]
[themazine.com/html/kabbo/images/blog/blog-list-4.png]
[themazine.com/html/kabbo/images/blog/instagram-1.jpg]
[themazine.com/html/kabbo/images/blog/instagram-2.jpg]
[themazine.com/html/kabbo/images/blog/instagram-3.jpg]
[themazine.com/html/kabbo/images/blog/instagram-4.jpg]
[themazine.com/html/kabbo/images/blog/instagram-5.jpg]
[themazine.com/html/kabbo/images/blog/instagram-6.jpg]
[themazine.com/html/kabbo/blog.html]
[themazine.com/html/kabbo/images/blog/comment-1.png]
[themazine.com/html/kabbo/images/blog/comment-2.png]
[themazine.com/html/kabbo/images/blog/comment-3.png]
[themazine.com/html/kabbo/images/blog/comment-4.png]
[themazine.com/html/kabbo/blog-single.html]
[themazine.com/html/kabbo/contact.html]
[themazine.com/html/kabbo/.html]
[themazine.com/html/kabbo/css/bootstrap.min.css]
[use.fontawesome.com/releases/v5.5.0/css/all.css]
[themazine.com/html/kabbo/fonts/fontawesome-webfont3e6e.eot]
[themazine.com/html/kabbo/fonts/fontawesome-webfontd41d.eot]
[themazine.com/html/kabbo/fonts/fontawesome-webfont3e6e.woff2]
[themazine.com/html/kabbo/fonts/fontawesome-webfont3e6e.woff]
[themazine.com/html/kabbo/fonts/fontawesome-webfont3e6e.ttf]
[themazine.com/html/kabbo/css/font-awesome.min.css]
[themazine.com/html/kabbo/vendors/flat-icon/Flaticon.eot]
[themazine.com/html/kabbo/vendors/flat-icon/Flaticond41d.eot]
[themazine.com/html/kabbo/vendors/flat-icon/Flaticon.woff]
[themazine.com/html/kabbo/vendors/flat-icon/Flaticon.ttf]
[themazine.com/html/kabbo/vendors/flat-icon/flaticon.css]
[themazine.com/html/kabbo/vendors/animate-css/animate.css]
[themazine.com/html/kabbo/vendors/magnify-popup/magnific-popup.css]
[themazine.com/html/kabbo/vendors/owl-carousel/owl.carousel.min.css]
[themazine.com/html/kabbo/vendors/bootstrap-selector/nice-select.css]
[themazine.com/html/kabbo/vendors/jquery-ui/images/ui-icons_444444_256x240.png]
[themazine.com/html/kabbo/vendors/jquery-ui/images/ui-icons_555555_256x240.png]
[themazine.com/html/kabbo/vendors/jquery-ui/images/ui-icons_ffffff_256x240.png]
[themazine.com/html/kabbo/vendors/jquery-ui/images/ui-icons_777620_256x240.png]
[themazine.com/html/kabbo/vendors/jquery-ui/images/ui-icons_cc0000_256x240.png]
[themazine.com/html/kabbo/vendors/jquery-ui/images/ui-icons_777777_256x240.png]
[themazine.com/html/kabbo/vendors/jquery-ui/jquery-ui.min.css]
[themazine.com/html/kabbo/services-2.html]
[themazine.com/html/kabbo/error.html]
[themazine.com/html/kabbo/blog-2.html]
[themazine.com/html/kabbo/-2.html]
[themazine.com/html/kabbo/-3.html]
[themazine.com/html/kabbo/fonts/fontawesome-webfont3e6e.svg]
[themazine.com/html/kabbo/vendors/flat-icon/Flaticon.svg]
[themazine.com/html/kabbo/vendors/owl-carousel/owl.video.play.html]
